stm32f0xx_hal_usart.c:274:19:HAL_USART_Init	16	static
stm32f0xx_hal_usart.c:350:19:HAL_USART_DeInit	16	static
stm32f0xx_hal_usart.c:393:13:HAL_USART_MspInit	16	static
stm32f0xx_hal_usart.c:408:13:HAL_USART_MspDeInit	16	static
stm32f0xx_hal_usart.c:750:19:HAL_USART_Transmit	48	static
stm32f0xx_hal_usart.c:864:19:HAL_USART_Receive	48	static
stm32f0xx_hal_usart.c:984:19:HAL_USART_TransmitReceive	64	static
stm32f0xx_hal_usart.c:1146:19:HAL_USART_Transmit_IT	24	static
stm32f0xx_hal_usart.c:1224:19:HAL_USART_Receive_IT	24	static
stm32f0xx_hal_usart.c:1310:19:HAL_USART_TransmitReceive_IT	24	static
stm32f0xx_hal_usart.c:1396:19:HAL_USART_Transmit_DMA	40	static
stm32f0xx_hal_usart.c:1497:19:HAL_USART_Receive_DMA	40	static
stm32f0xx_hal_usart.c:1628:19:HAL_USART_TransmitReceive_DMA	40	static
stm32f0xx_hal_usart.c:1756:19:HAL_USART_DMAPause	24	static
stm32f0xx_hal_usart.c:1803:19:HAL_USART_DMAResume	24	static
stm32f0xx_hal_usart.c:1847:19:HAL_USART_DMAStop	16	static
stm32f0xx_hal_usart.c:1907:19:HAL_USART_Abort	16	static
stm32f0xx_hal_usart.c:1996:19:HAL_USART_Abort_IT	24	static
stm32f0xx_hal_usart.c:2120:6:HAL_USART_IRQHandler	40	static
stm32f0xx_hal_usart.c:2315:13:HAL_USART_TxCpltCallback	16	static
stm32f0xx_hal_usart.c:2330:13:HAL_USART_TxHalfCpltCallback	16	static
stm32f0xx_hal_usart.c:2345:13:HAL_USART_RxCpltCallback	16	static
stm32f0xx_hal_usart.c:2360:13:HAL_USART_RxHalfCpltCallback	16	static
stm32f0xx_hal_usart.c:2375:13:HAL_USART_TxRxCpltCallback	16	static
stm32f0xx_hal_usart.c:2390:13:HAL_USART_ErrorCallback	16	static
stm32f0xx_hal_usart.c:2405:13:HAL_USART_AbortCpltCallback	16	static
stm32f0xx_hal_usart.c:2442:24:HAL_USART_GetState	16	static
stm32f0xx_hal_usart.c:2453:10:HAL_USART_GetError	16	static
stm32f0xx_hal_usart.c:2494:13:USART_EndTransfer	16	static
stm32f0xx_hal_usart.c:2509:13:USART_DMATransmitCplt	24	static
stm32f0xx_hal_usart.c:2549:13:USART_DMATxHalfCplt	24	static
stm32f0xx_hal_usart.c:2567:13:USART_DMAReceiveCplt	24	static
stm32f0xx_hal_usart.c:2642:13:USART_DMARxHalfCplt	24	static
stm32f0xx_hal_usart.c:2660:13:USART_DMAError	24	static
stm32f0xx_hal_usart.c:2686:13:USART_DMAAbortOnError	24	static
stm32f0xx_hal_usart.c:2709:13:USART_DMATxAbortCallback	24	static
stm32f0xx_hal_usart.c:2757:13:USART_DMARxAbortCallback	24	static
stm32f0xx_hal_usart.c:2805:26:USART_WaitOnFlagUntilTimeout	24	static
stm32f0xx_hal_usart.c:2833:26:USART_SetConfig	40	static
stm32f0xx_hal_usart.c:2925:26:USART_CheckIdleState	32	static
stm32f0xx_hal_usart.c:2974:13:USART_TxISR_8BIT	24	static
stm32f0xx_hal_usart.c:3008:13:USART_TxISR_16BIT	24	static
stm32f0xx_hal_usart.c:3041:13:USART_EndTransmit_IT	16	static
stm32f0xx_hal_usart.c:3097:13:USART_RxISR_8BIT	24	static
stm32f0xx_hal_usart.c:3177:13:USART_RxISR_16BIT	32	static
