00:36:33 **** Incremental Build of configuration Debug for project project1 ****
make -j12 all 
arm-none-eabi-gcc "../Core/Src/main.c" -mcpu=cortex-m0 -std=gnu11 -g3 -DDEBUG -DUSE_HAL_DRIVER -DSTM32F042x6 -c -I../Core/Inc -I../Drivers/STM32F0xx_HAL_Driver/Inc -I../Drivers/STM32F0xx_HAL_Driver/Inc/Legacy -I../Drivers/CMSIS/Device/ST/STM32F0xx/Include -I../Drivers/CMSIS/Include -O0 -ffunction-sections -fdata-sections -Wall -fstack-usage -MMD -MP -MF"Core/Src/main.d" -MT"Core/Src/main.o" --specs=nano.specs -mfloat-abi=soft -mthumb -o "Core/Src/main.o"
../Core/Src/main.c: In function 'main':
../Core/Src/main.c:124:12: warning: unused variable 'data' [-Wunused-variable]
  124 |   uint16_t data[16];
      |            ^~~~
../Core/Src/main.c:123:11: warning: unused variable 'sbus_data' [-Wunused-variable]
  123 |   uint8_t sbus_data[25];
      |           ^~~~~~~~~
arm-none-eabi-gcc -o "project1.elf" @"objects.list"   -mcpu=cortex-m0 -T"C:\Users\kk693\Desktop\Git-Repository\STM32-Nucleo-F042K6-Learning\S-BUS\workspace_1.8.0\project1\STM32F042K6TX_FLASH.ld" --specs=nosys.specs -Wl,-Map="project1.map" -Wl,--gc-sections -static --specs=nano.specs -mfloat-abi=soft -mthumb -Wl,--start-group -lc -lm -Wl,--end-group
Finished building target: project1.elf
 
arm-none-eabi-size   project1.elf 
arm-none-eabi-objdump -h -S  project1.elf  > "project1.list"
arm-none-eabi-objcopy  -O binary  project1.elf  "project1.bin"
   text	   data	    bss	    dec	    hex	filename
  16616	    120	   2896	  19632	   4cb0	project1.elf
Finished building: default.size.stdout
 
Finished building: project1.bin
 
Finished building: project1.list
 

00:36:34 Build Finished. 0 errors, 2 warnings. (took 914ms)

